// Jest Snapshot v1, https://goo.gl/fbAQLP

exports[`<Main /> should render the heading 1`] = `
<main
  class="styles__Wrapper-sc-3iacis-0 cPhnqU"
>
  <img
    alt="Imagem de um átomo e React Avançado escrito ao lado."
    class="styles__Logo-sc-3iacis-1 brEqVC"
    src="/img/logo.svg"
  />
  <h1
    class="styles__Title-sc-3iacis-2 csLSGJ"
  >
    React Avançado
  </h1>
  <h2
    class="styles__Description-sc-3iacis-3 jedAja"
  >
    TypeScript, ReactJS, NextJS e Styled Components
  </h2>
  <img
    alt="Um desenvolvedor de frente para uma tela com código."
    class="styles__Illustration-sc-3iacis-4 boyOfb"
    src="/img/hero-illustration.svg"
  />
</main>
`
